
[TestConvertDDLToStructDef/default - 1]
package dbrow

import "time"

type User struct {
    Id        uint64     `db:"id"`
    Name      string     `db:"name"`
    DeletedAt *time.Time `db:"deleted_at"`
    CreatedAt time.Time  `db:"created_at"`
    UpdatedAt time.Time  `db:"updated_at"`
}

---
